// Jest Snapshot v1, https://goo.gl/fbAQLP

exports[`has an error 1`] = `ShallowWrapper {}`;

exports[`renders ErrorBoundry component 1`] = `ShallowWrapper {}`;
