// Jest Snapshot v1, https://goo.gl/fbAQLP

exports[`renders SearchBox component 1`] = `ShallowWrapper {}`;
